// Jest Snapshot v1, https://goo.gl/fbAQLP

exports[`About Component should render correctly 1`] = `
Array [
  <div
    className="about-loader"
  >
    <svg
      className="about-loader"
      fill="none"
      style={
        Object {
          "color": "#a9a9a9",
          "overflow": "visible",
          "width": "60px",
        }
      }
      viewBox="0 0 66 66"
    >
      <circle
        cx="33"
        cy="33"
        fill="currentColor"
        r={3}
        style={
          Object {
            "animation": "spinners-react-dotted-shrink 2.857142857142857s cubic-bezier(0, 0.9, 0, 0.9) 0s infinite",
            "transform": "translate(22px, -20px)",
          }
        }
      />
      <circle
        cx="33"
        cy="33"
        fill="currentColor"
        r={3}
        style={
          Object {
            "animation": "spinners-react-dotted-shrink 2.857142857142857s cubic-bezier(0, 0.9, 0, 0.9) 0.14285714285714285s infinite",
            "transform": "translate(29px, 0px)",
          }
        }
      />
      <circle
        cx="33"
        cy="33"
        fill="currentColor"
        r={3}
        style={
          Object {
            "animation": "spinners-react-dotted-shrink 2.857142857142857s cubic-bezier(0, 0.9, 0, 0.9) 0.2857142857142857s infinite",
            "transform": "translate(22px, 20px)",
          }
        }
      />
      <circle
        cx="33"
        cy="33"
        fill="currentColor"
        r={3}
        style={
          Object {
            "animation": "spinners-react-dotted-shrink 2.857142857142857s cubic-bezier(0, 0.9, 0, 0.9) 0.42857142857142855s infinite",
            "transform": "translate(0px, 30px)",
          }
        }
      />
      <circle
        cx="33"
        cy="33"
        fill="currentColor"
        r={3}
        style={
          Object {
            "animation": "spinners-react-dotted-shrink 2.857142857142857s cubic-bezier(0, 0.9, 0, 0.9) 0.5714285714285714s infinite",
            "transform": "translate(-23px, 20px)",
          }
        }
      />
      <circle
        cx="33"
        cy="33"
        fill="currentColor"
        r={3}
        style={
          Object {
            "animation": "spinners-react-dotted-shrink 2.857142857142857s cubic-bezier(0, 0.9, 0, 0.9) 0.7142857142857142s infinite",
            "transform": "translate(-30px, 0px)",
          }
        }
      />
      <circle
        cx="33"
        cy="33"
        fill="currentColor"
        r={3}
        style={
          Object {
            "animation": "spinners-react-dotted-shrink 2.857142857142857s cubic-bezier(0, 0.9, 0, 0.9) 0.8571428571428571s infinite",
            "transform": "translate(-23px, -20px)",
          }
        }
      />
      <circle
        cx="33"
        cy="33"
        fill="currentColor"
        r={3}
        style={
          Object {
            "animation": "spinners-react-dotted-shrink 2.857142857142857s cubic-bezier(0, 0.9, 0, 0.9) 1s infinite",
            "transform": "translate(0px, -30px)",
          }
        }
      />
      <circle
        cx="33"
        cy="33"
        fill="currentColor"
        r={6}
        style={
          Object {
            "animation": "spinners-react-dotted-center 2.857142857142857s ease-out infinite",
            "transformOrigin": "center",
          }
        }
      />
    </svg>
  </div>,
  <div
    style={
      Object {
        "display": "none",
      }
    }
  >
    <div
      className="about-container"
    >
      <div
        className="img-follow"
      >
        <img
          alt="Me in Paris"
          className="paris-photo"
          onLoad={[Function]}
          src="test-file-stub"
        />
        <div
          className="instagram-container"
        >
          <a
            href="https://instagram.com/lizamorrisonart/"
            rel="noreferrer"
            target="_blank"
          >
            <img
              alt="Instagram"
              className="instagram"
              src="https://static.wixstatic.com/media/01c3aff52f2a4dffa526d7a9843d46ea.png/v1/fill/w_50,h_50,al_c,q_85,usm_0.66_1.00_0.01/01c3aff52f2a4dffa526d7a9843d46ea.webp"
            />
          </a>
        </div>
      </div>
      <div
        className="about-paragraph"
      >
        <img
          src="test-file-stub"
        />
      </div>
    </div>
    <div
      className="footer"
      id="footer"
    >
      © Liza Morrison 2022
    </div>
  </div>,
]
`;
