// Jest Snapshot v1, https://goo.gl/fbAQLP

exports[`NavMenu Component should render correctly 1`] = `
<div
  aria-label="Toggle menu"
  className="nav-menu"
  onClick={[Function]}
>
  <style
    dangerouslySetInnerHTML={
      Object {
        "__html": ".css-1ha5wk2-MuiSvgIcon-root{-webkit-user-select:none;-moz-user-select:none;-ms-user-select:none;user-select:none;width:1em;height:1em;display:inline-block;fill:currentColor;-webkit-flex-shrink:0;-ms-flex-negative:0;flex-shrink:0;-webkit-transition:fill 200ms cubic-bezier(0.4, 0, 0.2, 1) 0ms;transition:fill 200ms cubic-bezier(0.4, 0, 0.2, 1) 0ms;font-size:1.5rem;font-size:40px;}",
      }
    }
    data-emotion="css 1ha5wk2-MuiSvgIcon-root"
  />
  <svg
    aria-hidden={true}
    className="MuiSvgIcon-root MuiSvgIcon-fontSizeMedium menu-icon css-1ha5wk2-MuiSvgIcon-root"
    data-testid="MenuIcon"
    focusable="false"
    viewBox="0 0 24 24"
  >
    <path
      d="M3 18h18v-2H3v2zm0-5h18v-2H3v2zm0-7v2h18V6H3z"
    />
  </svg>
</div>
`;
